// Jest Snapshot v1, https://goo.gl/fbAQLP

exports[`page renders homepage unchanged 1`] = `
<div>
  <h1
    data-testid="custom-element"
  >
    welcome to About
  </h1>
</div>
`;
